Archive member included to satisfy reference by file (symbol)

c:/program files (x86)/atmel/studio/7.0/toolchain/avr8/avr8-gnu-toolchain/bin/../lib/gcc/avr/5.4.0/avr25\libgcc.a(_exit.o)
                              C:/Program Files (x86)/Atmel/Studio/7.0/Packs/atmel/ATtiny_DFP/1.0.79/gcc/dev/attiny85/avr25/crtattiny85.o (exit)
c:/program files (x86)/atmel/studio/7.0/toolchain/avr8/avr8-gnu-toolchain/bin/../lib/gcc/avr/5.4.0/avr25\libgcc.a(_clear_bss.o)
                              main.o (__do_clear_bss)

Allocating common symbols
Common symbol       size              file

bootWaitTime        0x1               main.o
workingAdrs         0x2               main.o
utsTxHead           0x1               usiTwiSlaveNI.o
commandMode         0x1               main.o
dataIndex           0x1               main.o
appResetBytes       0x2               main.o
utsRxFifo           0x44              usiTwiSlaveNI.o
utsRxHead           0x1               usiTwiSlaveNI.o
utsState            0x1               usiTwiSlaveNI.o
utsRxTail           0x1               usiTwiSlaveNI.o
utsSend             0x1               usiTwiSlaveNI.o
dataCount           0x1               main.o
utsTxTail           0x1               usiTwiSlaveNI.o
utsSlaveAdrs        0x1               usiTwiSlaveNI.o
pageBuffer          0x40              main.o
utsTxFifo           0x44              usiTwiSlaveNI.o
systemStatus        0x1               main.o

Discarded input sections

 .data          0x00000000        0x0 C:/Program Files (x86)/Atmel/Studio/7.0/Packs/atmel/ATtiny_DFP/1.0.79/gcc/dev/attiny85/avr25/crtattiny85.o
 .bss           0x00000000        0x0 C:/Program Files (x86)/Atmel/Studio/7.0/Packs/atmel/ATtiny_DFP/1.0.79/gcc/dev/attiny85/avr25/crtattiny85.o
 .text          0x00000000        0x0 main.o
 .data          0x00000000        0x0 main.o
 .bss           0x00000000        0x0 main.o
 .text.initBootTimer
                0x00000000        0xc main.o
 .data          0x00000000        0x0 spmUtils.o
 .bss           0x00000000        0x0 spmUtils.o
 .text          0x00000000        0x0 mod_led.o
 .data          0x00000000        0x0 mod_led.o
 .bss           0x00000000        0x0 mod_led.o
 .text          0x00000000        0x0 usiTwiSlaveNI.o
 .data          0x00000000        0x0 usiTwiSlaveNI.o
 .bss           0x00000000        0x0 usiTwiSlaveNI.o
 .text          0x00000000        0x0 c:/program files (x86)/atmel/studio/7.0/toolchain/avr8/avr8-gnu-toolchain/bin/../lib/gcc/avr/5.4.0/avr25\libgcc.a(_exit.o)
 .data          0x00000000        0x0 c:/program files (x86)/atmel/studio/7.0/toolchain/avr8/avr8-gnu-toolchain/bin/../lib/gcc/avr/5.4.0/avr25\libgcc.a(_exit.o)
 .bss           0x00000000        0x0 c:/program files (x86)/atmel/studio/7.0/toolchain/avr8/avr8-gnu-toolchain/bin/../lib/gcc/avr/5.4.0/avr25\libgcc.a(_exit.o)
 .text.libgcc.mul
                0x00000000        0x0 c:/program files (x86)/atmel/studio/7.0/toolchain/avr8/avr8-gnu-toolchain/bin/../lib/gcc/avr/5.4.0/avr25\libgcc.a(_exit.o)
 .text.libgcc.div
                0x00000000        0x0 c:/program files (x86)/atmel/studio/7.0/toolchain/avr8/avr8-gnu-toolchain/bin/../lib/gcc/avr/5.4.0/avr25\libgcc.a(_exit.o)
 .text.libgcc   0x00000000        0x0 c:/program files (x86)/atmel/studio/7.0/toolchain/avr8/avr8-gnu-toolchain/bin/../lib/gcc/avr/5.4.0/avr25\libgcc.a(_exit.o)
 .text.libgcc.prologue
                0x00000000        0x0 c:/program files (x86)/atmel/studio/7.0/toolchain/avr8/avr8-gnu-toolchain/bin/../lib/gcc/avr/5.4.0/avr25\libgcc.a(_exit.o)
 .text.libgcc.builtins
                0x00000000        0x0 c:/program files (x86)/atmel/studio/7.0/toolchain/avr8/avr8-gnu-toolchain/bin/../lib/gcc/avr/5.4.0/avr25\libgcc.a(_exit.o)
 .text.libgcc.fmul
                0x00000000        0x0 c:/program files (x86)/atmel/studio/7.0/toolchain/avr8/avr8-gnu-toolchain/bin/../lib/gcc/avr/5.4.0/avr25\libgcc.a(_exit.o)
 .text.libgcc.fixed
                0x00000000        0x0 c:/program files (x86)/atmel/studio/7.0/toolchain/avr8/avr8-gnu-toolchain/bin/../lib/gcc/avr/5.4.0/avr25\libgcc.a(_exit.o)
 .text          0x00000000        0x0 c:/program files (x86)/atmel/studio/7.0/toolchain/avr8/avr8-gnu-toolchain/bin/../lib/gcc/avr/5.4.0/avr25\libgcc.a(_clear_bss.o)
 .data          0x00000000        0x0 c:/program files (x86)/atmel/studio/7.0/toolchain/avr8/avr8-gnu-toolchain/bin/../lib/gcc/avr/5.4.0/avr25\libgcc.a(_clear_bss.o)
 .bss           0x00000000        0x0 c:/program files (x86)/atmel/studio/7.0/toolchain/avr8/avr8-gnu-toolchain/bin/../lib/gcc/avr/5.4.0/avr25\libgcc.a(_clear_bss.o)
 .text.libgcc.mul
                0x00000000        0x0 c:/program files (x86)/atmel/studio/7.0/toolchain/avr8/avr8-gnu-toolchain/bin/../lib/gcc/avr/5.4.0/avr25\libgcc.a(_clear_bss.o)
 .text.libgcc.div
                0x00000000        0x0 c:/program files (x86)/atmel/studio/7.0/toolchain/avr8/avr8-gnu-toolchain/bin/../lib/gcc/avr/5.4.0/avr25\libgcc.a(_clear_bss.o)
 .text.libgcc   0x00000000        0x0 c:/program files (x86)/atmel/studio/7.0/toolchain/avr8/avr8-gnu-toolchain/bin/../lib/gcc/avr/5.4.0/avr25\libgcc.a(_clear_bss.o)
 .text.libgcc.prologue
                0x00000000        0x0 c:/program files (x86)/atmel/studio/7.0/toolchain/avr8/avr8-gnu-toolchain/bin/../lib/gcc/avr/5.4.0/avr25\libgcc.a(_clear_bss.o)
 .text.libgcc.builtins
                0x00000000        0x0 c:/program files (x86)/atmel/studio/7.0/toolchain/avr8/avr8-gnu-toolchain/bin/../lib/gcc/avr/5.4.0/avr25\libgcc.a(_clear_bss.o)
 .text.libgcc.fmul
                0x00000000        0x0 c:/program files (x86)/atmel/studio/7.0/toolchain/avr8/avr8-gnu-toolchain/bin/../lib/gcc/avr/5.4.0/avr25\libgcc.a(_clear_bss.o)
 .text.libgcc.fixed
                0x00000000        0x0 c:/program files (x86)/atmel/studio/7.0/toolchain/avr8/avr8-gnu-toolchain/bin/../lib/gcc/avr/5.4.0/avr25\libgcc.a(_clear_bss.o)

Memory Configuration

Name             Origin             Length             Attributes
text             0x00000000         0x00002000         xr
data             0x00800060         0x0000ffa0         rw !x
eeprom           0x00810000         0x00010000         rw !x
fuse             0x00820000         0x00000400         rw !x
lock             0x00830000         0x00000400         rw !x
signature        0x00840000         0x00000400         rw !x
user_signatures  0x00850000         0x00000400         rw !x
*default*        0x00000000         0xffffffff

Linker script and memory map

LOAD C:/Program Files (x86)/Atmel/Studio/7.0/Packs/atmel/ATtiny_DFP/1.0.79/gcc/dev/attiny85/avr25/crtattiny85.o
LOAD main.o
LOAD spmUtils.o
LOAD mod_led.o
LOAD usiTwiSlaveNI.o
START GROUP
LOAD c:/program files (x86)/atmel/studio/7.0/toolchain/avr8/avr8-gnu-toolchain/bin/../lib/gcc/avr/5.4.0/../../../../avr/lib/avr25\libm.a
END GROUP
Address of section .text set to 0x1800
START GROUP
LOAD c:/program files (x86)/atmel/studio/7.0/toolchain/avr8/avr8-gnu-toolchain/bin/../lib/gcc/avr/5.4.0/avr25\libgcc.a
LOAD c:/program files (x86)/atmel/studio/7.0/toolchain/avr8/avr8-gnu-toolchain/bin/../lib/gcc/avr/5.4.0/../../../../avr/lib/avr25\libm.a
LOAD c:/program files (x86)/atmel/studio/7.0/toolchain/avr8/avr8-gnu-toolchain/bin/../lib/gcc/avr/5.4.0/../../../../avr/lib/avr25\libc.a
LOAD C:/Program Files (x86)/Atmel/Studio/7.0/Packs/atmel/ATtiny_DFP/1.0.79/gcc/dev/attiny85/avr25\libattiny85.a
END GROUP
                0x00002000                __TEXT_REGION_LENGTH__ = DEFINED (__TEXT_REGION_LENGTH__)?__TEXT_REGION_LENGTH__:0x2000
                0x0000ffa0                __DATA_REGION_LENGTH__ = DEFINED (__DATA_REGION_LENGTH__)?__DATA_REGION_LENGTH__:0xffa0
                0x00010000                __EEPROM_REGION_LENGTH__ = DEFINED (__EEPROM_REGION_LENGTH__)?__EEPROM_REGION_LENGTH__:0x10000
                0x00000400                __FUSE_REGION_LENGTH__ = DEFINED (__FUSE_REGION_LENGTH__)?__FUSE_REGION_LENGTH__:0x400
                0x00000400                __LOCK_REGION_LENGTH__ = DEFINED (__LOCK_REGION_LENGTH__)?__LOCK_REGION_LENGTH__:0x400
                0x00000400                __SIGNATURE_REGION_LENGTH__ = DEFINED (__SIGNATURE_REGION_LENGTH__)?__SIGNATURE_REGION_LENGTH__:0x400
                0x00000400                __USER_SIGNATURE_REGION_LENGTH__ = DEFINED (__USER_SIGNATURE_REGION_LENGTH__)?__USER_SIGNATURE_REGION_LENGTH__:0x400

.hash
 *(.hash)

.dynsym
 *(.dynsym)

.dynstr
 *(.dynstr)

.gnu.version
 *(.gnu.version)

.gnu.version_d
 *(.gnu.version_d)

.gnu.version_r
 *(.gnu.version_r)

.rel.init
 *(.rel.init)

.rela.init
 *(.rela.init)

.rel.text
 *(.rel.text)
 *(.rel.text.*)
 *(.rel.gnu.linkonce.t*)

.rela.text
 *(.rela.text)
 *(.rela.text.*)
 *(.rela.gnu.linkonce.t*)

.rel.fini
 *(.rel.fini)

.rela.fini
 *(.rela.fini)

.rel.rodata
 *(.rel.rodata)
 *(.rel.rodata.*)
 *(.rel.gnu.linkonce.r*)

.rela.rodata
 *(.rela.rodata)
 *(.rela.rodata.*)
 *(.rela.gnu.linkonce.r*)

.rel.data
 *(.rel.data)
 *(.rel.data.*)
 *(.rel.gnu.linkonce.d*)

.rela.data
 *(.rela.data)
 *(.rela.data.*)
 *(.rela.gnu.linkonce.d*)

.rel.ctors
 *(.rel.ctors)

.rela.ctors
 *(.rela.ctors)

.rel.dtors
 *(.rel.dtors)

.rela.dtors
 *(.rela.dtors)

.rel.got
 *(.rel.got)

.rela.got
 *(.rela.got)

.rel.bss
 *(.rel.bss)

.rela.bss
 *(.rela.bss)

.rel.plt
 *(.rel.plt)

.rela.plt
 *(.rela.plt)

.text           0x00001800      0x598
 *(.vectors)
 .vectors       0x00001800       0x1e C:/Program Files (x86)/Atmel/Studio/7.0/Packs/atmel/ATtiny_DFP/1.0.79/gcc/dev/attiny85/avr25/crtattiny85.o
                0x00001800                __vector_default
                0x00001800                __vectors
 *(.vectors)
 *(.progmem.gcc*)
                0x0000181e                . = ALIGN (0x2)
                0x0000181e                __trampolines_start = .
 *(.trampolines)
 .trampolines   0x0000181e        0x0 linker stubs
 *(.trampolines*)
                0x0000181e                __trampolines_end = .
 *libprintf_flt.a:*(.progmem.data)
 *libc.a:*(.progmem.data)
 *(.progmem*)
                0x0000181e                . = ALIGN (0x2)
 *(.jumptables)
 *(.jumptables*)
 *(.lowtext)
 *(.lowtext*)
                0x0000181e                __ctors_start = .
 *(.ctors)
                0x0000181e                __ctors_end = .
                0x0000181e                __dtors_start = .
 *(.dtors)
                0x0000181e                __dtors_end = .
 SORT(*)(.ctors)
 SORT(*)(.dtors)
 *(.init0)
 .init0         0x0000181e        0x0 C:/Program Files (x86)/Atmel/Studio/7.0/Packs/atmel/ATtiny_DFP/1.0.79/gcc/dev/attiny85/avr25/crtattiny85.o
                0x0000181e                __init
 *(.init0)
 *(.init1)
 *(.init1)
 *(.init2)
 .init2         0x0000181e        0xc C:/Program Files (x86)/Atmel/Studio/7.0/Packs/atmel/ATtiny_DFP/1.0.79/gcc/dev/attiny85/avr25/crtattiny85.o
 *(.init2)
 *(.init3)
 *(.init3)
 *(.init4)
 .init4         0x0000182a       0x10 c:/program files (x86)/atmel/studio/7.0/toolchain/avr8/avr8-gnu-toolchain/bin/../lib/gcc/avr/5.4.0/avr25\libgcc.a(_clear_bss.o)
                0x0000182a                __do_clear_bss
 *(.init4)
 *(.init5)
 *(.init5)
 *(.init6)
 *(.init6)
 *(.init7)
 *(.init7)
 *(.init8)
 *(.init8)
 *(.init9)
 .init9         0x0000183a        0x4 C:/Program Files (x86)/Atmel/Studio/7.0/Packs/atmel/ATtiny_DFP/1.0.79/gcc/dev/attiny85/avr25/crtattiny85.o
 *(.init9)
 *(.text)
 .text          0x0000183e        0x2 C:/Program Files (x86)/Atmel/Studio/7.0/Packs/atmel/ATtiny_DFP/1.0.79/gcc/dev/attiny85/avr25/crtattiny85.o
                0x0000183e                __vector_1
                0x0000183e                __vector_12
                0x0000183e                __bad_interrupt
                0x0000183e                __vector_6
                0x0000183e                __vector_3
                0x0000183e                __vector_11
                0x0000183e                __vector_13
                0x0000183e                __vector_7
                0x0000183e                __vector_5
                0x0000183e                __vector_4
                0x0000183e                __vector_9
                0x0000183e                __vector_2
                0x0000183e                __vector_8
                0x0000183e                __vector_14
                0x0000183e                __vector_10
 .text          0x00001840       0x42 spmUtils.o
                0x00001840                spm_erase
                0x0000184a                spm_filltemp
                0x0000185e                spm_pagewrite
                0x00001868                do_spm
                0x00001882                . = ALIGN (0x2)
 *(.text.*)
 .text.waitBootTimeOut
                0x00001882       0x26 main.o
                0x00001882                waitBootTimeOut
 .text.resetBootReset
                0x000018a8       0x3c main.o
                0x000018a8                resetBootReset
 .text.Erase_One_Page
                0x000018e4        0xa main.o
                0x000018e4                Erase_One_Page
 .text.UpdatePage
                0x000018ee       0x88 main.o
                0x000018ee                UpdatePage
 .text.commandProcess
                0x00001976      0x190 main.o
                0x00001976                commandProcess
 .text.main     0x00001b06       0x74 main.o
                0x00001b06                main
 .text.mod_led_init
                0x00001b7a        0x4 mod_led.o
                0x00001b7a                mod_led_init
 .text.mod_led_on
                0x00001b7e        0x4 mod_led.o
                0x00001b7e                mod_led_on
 .text.mod_led_off
                0x00001b82        0x4 mod_led.o
                0x00001b82                mod_led_off
 .text.mod_led_toggle
                0x00001b86       0x28 mod_led.o
                0x00001b86                mod_led_toggle
 .text.uts_init
                0x00001bae       0x30 usiTwiSlaveNI.o
                0x00001bae                uts_init
 .text.uts_sendACK
                0x00001bde        0xa usiTwiSlaveNI.o
                0x00001bde                uts_sendACK
 .text.uts_chkACK
                0x00001be8        0xa usiTwiSlaveNI.o
                0x00001be8                uts_chkACK
 .text.clearRxFifo
                0x00001bf2        0xa usiTwiSlaveNI.o
                0x00001bf2                clearRxFifo
 .text.clearTxFifo
                0x00001bfc        0xa usiTwiSlaveNI.o
                0x00001bfc                clearTxFifo
 .text.isRxEmpty
                0x00001c06       0x10 usiTwiSlaveNI.o
                0x00001c06                isRxEmpty
 .text.isTxEmpty
                0x00001c16       0x10 usiTwiSlaveNI.o
                0x00001c16                isTxEmpty
 .text.getRxFifo
                0x00001c26       0x20 usiTwiSlaveNI.o
                0x00001c26                getRxFifo
 .text.putRxFifo
                0x00001c46       0x20 usiTwiSlaveNI.o
                0x00001c46                putRxFifo
 .text.putTxFifo
                0x00001c66       0x20 usiTwiSlaveNI.o
                0x00001c66                putTxFifo
 .text.getTxFifo
                0x00001c86       0x20 usiTwiSlaveNI.o
                0x00001c86                getTxFifo
 .text.uts_poll
                0x00001ca6       0xee usiTwiSlaveNI.o
                0x00001ca6                uts_poll
                0x00001d94                . = ALIGN (0x2)
 *(.fini9)
 .fini9         0x00001d94        0x0 c:/program files (x86)/atmel/studio/7.0/toolchain/avr8/avr8-gnu-toolchain/bin/../lib/gcc/avr/5.4.0/avr25\libgcc.a(_exit.o)
                0x00001d94                _exit
                0x00001d94                exit
 *(.fini9)
 *(.fini8)
 *(.fini8)
 *(.fini7)
 *(.fini7)
 *(.fini6)
 *(.fini6)
 *(.fini5)
 *(.fini5)
 *(.fini4)
 *(.fini4)
 *(.fini3)
 *(.fini3)
 *(.fini2)
 *(.fini2)
 *(.fini1)
 *(.fini1)
 *(.fini0)
 .fini0         0x00001d94        0x4 c:/program files (x86)/atmel/studio/7.0/toolchain/avr8/avr8-gnu-toolchain/bin/../lib/gcc/avr/5.4.0/avr25\libgcc.a(_exit.o)
 *(.fini0)
                0x00001d98                _etext = .

.data           0x00800060        0x0 load address 0x00001d98
                [!provide]                PROVIDE (__data_start, .)
 *(.data)
 *(.data*)
 *(.rodata)
 *(.rodata*)
 *(.gnu.linkonce.d*)
                0x00800060                . = ALIGN (0x2)
                0x00800060                _edata = .
                [!provide]                PROVIDE (__data_end, .)

.bss            0x00800060       0xd8
                0x00800060                PROVIDE (__bss_start, .)
 *(.bss)
 *(.bss*)
 *(COMMON)
 COMMON         0x00800060       0x49 main.o
                0x00800060                bootWaitTime
                0x00800061                workingAdrs
                0x00800063                commandMode
                0x00800064                dataIndex
                0x00800065                appResetBytes
                0x00800067                dataCount
                0x00800068                pageBuffer
                0x008000a8                systemStatus
 COMMON         0x008000a9       0x8f usiTwiSlaveNI.o
                0x008000a9                utsTxHead
                0x008000aa                utsRxFifo
                0x008000ee                utsRxHead
                0x008000ef                utsState
                0x008000f0                utsRxTail
                0x008000f1                utsSend
                0x008000f2                utsTxTail
                0x008000f3                utsSlaveAdrs
                0x008000f4                utsTxFifo
                0x00800138                PROVIDE (__bss_end, .)
                0x00001d98                __data_load_start = LOADADDR (.data)
                0x00001d98                __data_load_end = (__data_load_start + SIZEOF (.data))

.noinit         0x00800138        0x0
                [!provide]                PROVIDE (__noinit_start, .)
 *(.noinit*)
                [!provide]                PROVIDE (__noinit_end, .)
                0x00800138                _end = .
                [!provide]                PROVIDE (__heap_start, .)

.eeprom         0x00810000        0x0
 *(.eeprom*)
                0x00810000                __eeprom_end = .

.fuse
 *(.fuse)
 *(.lfuse)
 *(.hfuse)
 *(.efuse)

.lock
 *(.lock*)

.signature
 *(.signature*)

.user_signatures
 *(.user_signatures*)

.stab
 *(.stab)

.stabstr
 *(.stabstr)

.stab.excl
 *(.stab.excl)

.stab.exclstr
 *(.stab.exclstr)

.stab.index
 *(.stab.index)

.stab.indexstr
 *(.stab.indexstr)

.comment        0x00000000       0x30
 *(.comment)
 .comment       0x00000000       0x30 main.o
                                 0x31 (size before relaxing)
 .comment       0x00000030       0x31 mod_led.o
 .comment       0x00000030       0x31 usiTwiSlaveNI.o

.note.gnu.avr.deviceinfo
                0x00000000       0x3c
 .note.gnu.avr.deviceinfo
                0x00000000       0x3c C:/Program Files (x86)/Atmel/Studio/7.0/Packs/atmel/ATtiny_DFP/1.0.79/gcc/dev/attiny85/avr25/crtattiny85.o

.note.gnu.build-id
 *(.note.gnu.build-id)

.debug
 *(.debug)

.line
 *(.line)

.debug_srcinfo
 *(.debug_srcinfo)

.debug_sfnames
 *(.debug_sfnames)

.debug_aranges  0x00000000      0x120
 *(.debug_aranges)
 .debug_aranges
                0x00000000       0x50 main.o
 .debug_aranges
                0x00000050       0x20 spmUtils.o
 .debug_aranges
                0x00000070       0x38 mod_led.o
 .debug_aranges
                0x000000a8       0x78 usiTwiSlaveNI.o

.debug_pubnames
 *(.debug_pubnames)

.debug_info     0x00000000      0xcae
 *(.debug_info .gnu.linkonce.wi.*)
 .debug_info    0x00000000      0x7d1 main.o
 .debug_info    0x000007d1       0xae spmUtils.o
 .debug_info    0x0000087f       0xfb mod_led.o
 .debug_info    0x0000097a      0x334 usiTwiSlaveNI.o

.debug_abbrev   0x00000000      0x455
 *(.debug_abbrev)
 .debug_abbrev  0x00000000      0x250 main.o
 .debug_abbrev  0x00000250       0x14 spmUtils.o
 .debug_abbrev  0x00000264       0x99 mod_led.o
 .debug_abbrev  0x000002fd      0x158 usiTwiSlaveNI.o

.debug_line     0x00000000      0xa23
 *(.debug_line .debug_line.* .debug_line_end)
 .debug_line    0x00000000      0x434 main.o
 .debug_line    0x00000434       0xe5 spmUtils.o
 .debug_line    0x00000519      0x147 mod_led.o
 .debug_line    0x00000660      0x3c3 usiTwiSlaveNI.o

.debug_frame    0x00000000      0x1f0
 *(.debug_frame)
 .debug_frame   0x00000000       0xbc main.o
 .debug_frame   0x000000bc       0x60 mod_led.o
 .debug_frame   0x0000011c       0xd4 usiTwiSlaveNI.o

.debug_str      0x00000000      0x531
 *(.debug_str)
 .debug_str     0x00000000      0x3e4 main.o
                                0x418 (size before relaxing)
 .debug_str     0x000003e4        0xf mod_led.o
                                0x1d5 (size before relaxing)
 .debug_str     0x000003f3      0x13e usiTwiSlaveNI.o
                                0x337 (size before relaxing)

.debug_loc      0x00000000      0x604
 *(.debug_loc)
 .debug_loc     0x00000000      0x55a main.o
 .debug_loc     0x0000055a       0x7a mod_led.o
 .debug_loc     0x000005d4       0x30 usiTwiSlaveNI.o

.debug_macinfo
 *(.debug_macinfo)

.debug_weaknames
 *(.debug_weaknames)

.debug_funcnames
 *(.debug_funcnames)

.debug_typenames
 *(.debug_typenames)

.debug_varnames
 *(.debug_varnames)

.debug_pubtypes
 *(.debug_pubtypes)

.debug_ranges   0x00000000       0xe8
 *(.debug_ranges)
 .debug_ranges  0x00000000       0x58 main.o
 .debug_ranges  0x00000058       0x28 mod_led.o
 .debug_ranges  0x00000080       0x68 usiTwiSlaveNI.o

.debug_macro
 *(.debug_macro)
OUTPUT(TWI_Slave_7_0.elf elf32-avr)
LOAD linker stubs
